[INFO] Scanning for projects...
[INFO] 
[INFO] ----------------------< com.bank:transfer-search >----------------------
[INFO] Building transfer-search 0.0.1-SNAPSHOT
[INFO]   from pom.xml
[INFO] --------------------------------[ jar ]---------------------------------
[INFO] 
[INFO] --- clean:3.3.2:clean (default-clean) @ transfer-search ---
[INFO] Deleting /Users/xiaolulu/Downloads/codeworkspace/transfer-search/target
[INFO] 
[INFO] --- resources:3.3.1:resources (default-resources) @ transfer-search ---
[INFO] Copying 1 resource from src/main/resources to target/classes
[INFO] Copying 0 resource from src/main/resources to target/classes
[INFO] 
[INFO] --- compiler:3.11.0:compile (default-compile) @ transfer-search ---
[INFO] Changes detected - recompiling the module! :source
[INFO] Compiling 17 source files with javac [debug release 17] to target/classes
[INFO] ------------------------------------------------------------------------
[INFO] BUILD FAILURE
[INFO] ------------------------------------------------------------------------
[INFO] Total time:  0.903 s
[INFO] Finished at: 2026-03-11T22:58:08+08:00
[INFO] ------------------------------------------------------------------------
[ERROR] Failed to execute goal org.apache.maven.plugins:maven-compiler-plugin:3.11.0:compile (default-compile) on project transfer-search: Fatal error compiling: java.lang.ExceptionInInitializerError: com.sun.tools.javac.code.TypeTag :: UNKNOWN -> [Help 1]
[ERROR] 
[ERROR] To see the full stack trace of the errors, re-run Maven with the -e switch.
[ERROR] Re-run Maven using the -X switch to enable full debug logging.
[ERROR] 
[ERROR] For more information about the errors and possible solutions, please read the following articles:
[ERROR] [Help 1] http://cwiki.apache.org/confluence/display/MAVEN/MojoExecutionException
